// Jest Snapshot v1, https://goo.gl/fbAQLP

exports[`should render LoginPage correctly 1`] = `
<div
  className="box-layout"
>
  <div
    className="box-layout__box"
  >
    <h1
      className="box-layout__title"
    >
      Expensify
    </h1>
    <p>
      It's time to get your expenses under control.
    </p>
    <button
      className="button"
      id="buttonGoogle"
    >
      Login with 
      <span
        className="google--icon"
      />
    </button>
    <button
      className="button"
      id="buttonGithub"
    >
      Login with 
      <span
        className="github--icon"
      />
    </button>
    <button
      className="button"
      id="buttonFacebook"
    >
      Login with 
      <span
        className="facebook--icon"
      />
    </button>
  </div>
</div>
`;
