// Jest Snapshot v1, https://goo.gl/fbAQLP

exports[`should render OptionModal 1`] = `
<Modal
  ariaHideApp={false}
  bodyOpenClassName="ReactModal__Body--open"
  className="modal"
  closeTimeoutMS={0}
  isOpen={false}
  onRequestClose={[Function]}
  parentSelector={[Function]}
  portalClassName="ReactModalPortal"
  role="dialog"
  shouldCloseOnEsc={true}
  shouldCloseOnOverlayClick={true}
  shouldFocusAfterRender={true}
  shouldReturnFocusAfterClose={true}
>
  <div>
    <h3>
      Are you sure you want to remove it?
    </h3>
    <button
      className="button"
    >
      Yes
    </button>
    <button
      className="button"
    >
      No
    </button>
  </div>
</Modal>
`;
